/home/ozaki/rocket/rocket-chip/tools/rv64gc/src/rocket-tools/riscv-tests/build/../benchmarks/common/syscalls.c:197:13:vprintfmt	368	static
/home/ozaki/rocket/rocket-chip/tools/rv64gc/src/rocket-tools/riscv-tests/build/../benchmarks/common/syscalls.c:365:8:sprintf_putch	0	static
/home/ozaki/rocket/rocket-chip/tools/rv64gc/riscv64-unknown-elf/include/stdio.h:220:5:putchar	112	static
/home/ozaki/rocket/rocket-chip/tools/rv64gc/src/rocket-tools/riscv-tests/build/../benchmarks/common/syscalls.c:40:6:setStats	0	static
/home/ozaki/rocket/rocket-chip/tools/rv64gc/src/rocket-tools/riscv-tests/build/../benchmarks/common/syscalls.c:56:32:tohost_exit	0	static
/home/ozaki/rocket/rocket-chip/tools/rv64gc/src/rocket-tools/riscv-tests/build/../benchmarks/common/syscalls.c:62:33:handle_trap	0	static
/home/ozaki/rocket/rocket-chip/tools/rv64gc/src/rocket-tools/riscv-tests/build/../benchmarks/common/syscalls.c:67:6:exit	16	static
/home/ozaki/rocket/rocket-chip/tools/rv64gc/src/rocket-tools/riscv-tests/build/../benchmarks/common/syscalls.c:72:6:abort	0	static
/home/ozaki/rocket/rocket-chip/tools/rv64gc/src/rocket-tools/riscv-tests/build/../benchmarks/common/syscalls.c:77:6:printstr	112	static
/home/ozaki/rocket/rocket-chip/tools/rv64gc/src/rocket-tools/riscv-tests/build/../benchmarks/common/syscalls.c:82:28:thread_entry	0	static
/home/ozaki/rocket/rocket-chip/tools/rv64gc/src/rocket-tools/riscv-tests/build/../benchmarks/common/syscalls.c:89:27:main	16	static
/home/ozaki/rocket/rocket-chip/tools/rv64gc/src/rocket-tools/riscv-tests/build/../benchmarks/common/syscalls.c:142:6:printhex	48	static
/home/ozaki/rocket/rocket-chip/tools/rv64gc/riscv64-unknown-elf/include/stdio.h:200:5:printf	96	static
/home/ozaki/rocket/rocket-chip/tools/rv64gc/riscv64-unknown-elf/include/stdio.h:244:5:sprintf	96	static
/home/ozaki/rocket/rocket-chip/tools/rv64gc/riscv64-unknown-elf/include/string.h:31:9:memcpy	0	static
/home/ozaki/rocket/rocket-chip/tools/rv64gc/riscv64-unknown-elf/include/string.h:33:9:memset	0	static
/home/ozaki/rocket/rocket-chip/tools/rv64gc/src/rocket-tools/riscv-tests/build/../benchmarks/common/syscalls.c:106:6:_init	176	static
/home/ozaki/rocket/rocket-chip/tools/rv64gc/riscv64-unknown-elf/include/string.h:41:9:strlen	0	static
/home/ozaki/rocket/rocket-chip/tools/rv64gc/riscv64-unknown-elf/include/string.h:119:9:strnlen	0	static
/home/ozaki/rocket/rocket-chip/tools/rv64gc/riscv64-unknown-elf/include/string.h:36:6:strcmp	0	static
/home/ozaki/rocket/rocket-chip/tools/rv64gc/riscv64-unknown-elf/include/string.h:38:8:strcpy	0	static
/home/ozaki/rocket/rocket-chip/tools/rv64gc/src/rocket-tools/riscv-tests/build/../benchmarks/common/syscalls.c:464:6:atol	0	static
